[backblue.gif]
[fade.gif]
[index.html]
[birthday-gift-cake.netlify.app/icon5e7e.png]
[birthday-gift-cake.netlify.app/music/birthday.mp3]
[birthday-gift-cake.netlify.app/index7470.html]
[birthday-gift-cake.netlify.app/_next/static/media/FzAghita-s.p.0twig7otq-0_g.woff2]
[birthday-gift-cake.netlify.app/_next/static/media/32fe63294b6cd18c-s.p.090h5ho-armea.woff2]
[birthday-gift-cake.netlify.app/_next/static/media/73091b67359a1d13-s.0oa818ucctjip.woff2]
[birthday-gift-cake.netlify.app/_next/static/media/406d3fc8d5ec9f59-s.p.06_5xv2ritwv5.woff2]
[birthday-gift-cake.netlify.app/_next/static/chunks/0f7a1bt_m6o_g.css]
[birthday-gift-cake.netlify.app/_next/static/chunks/0ht900cau6_ur.js]
[birthday-gift-cake.netlify.app/_next/static/chunks/0p5.qr0b94vxo.js]
[birthday-gift-cake.netlify.app/_next/static/chunks/16g.ca89g7fib.js]
[birthday-gift-cake.netlify.app/_next/static/chunks/turbopack-0mbyzpf8xm.r7.js]
[birthday-gift-cake.netlify.app/_next/static/chunks/0dbhjjzl8qfwv.js]
[birthday-gift-cake.netlify.app/images/girl/girl2.jpeg]
[birthday-gift-cake.netlify.app/images/girl/girl3.jpeg]
[birthday-gift-cake.netlify.app/images/secret-bouquet/intro/petal-cream-long-01.webp]
[birthday-gift-cake.netlify.app/images/secret-bouquet/intro/petal-blush-broad-01.webp]
[birthday-gift-cake.netlify.app/images/secret-bouquet/intro/petal-peach-broad-01.webp]
[birthday-gift-cake.netlify.app/images/secret-bouquet/intro/petal-peach-long-01.webp]
[birthday-gift-cake.netlify.app/images/secret-bouquet/intro/petal-peach-long-02.webp]
[birthday-gift-cake.netlify.app/_next/static/chunks/0byln96ugf7uj.js]
[birthday-gift-cake.netlify.app/_next/static/chunks/03_yq9q893hmn.js]
[birthday-gift-cake.netlify.app/ROOT/node_modules/next/dist/compiled/process/index.html]
[birthday-gift-cake.netlify.app/_next/index.html]
[birthday-gift-cake.netlify.app/static/chunks/0p5.qr0b94vxo.html]
[birthday-gift-cake.netlify.app/ROOT/node_modules/next/dist/compiled/process.html]
[birthday-gift-cake.netlify.app/_next.html]
